---
source: src/syntax.rs
expression: module
---
id: "[id]"
span: "[span]"
declarations:
  - Function:
      id: "[id]"
      span: "[span]"
      name:
        id: "[id]"
        span: "[span]"
        symbol: main
      parameters: []
      return_type: ~
      body:
        id: "[id]"
        span: "[span]"
        statements:
          - Expression:
              Literal:
                id: "[id]"
                span: "[span]"
                literal:
                  Integer: 10
          - Expression:
              Literal:
                id: "[id]"
                span: "[span]"
                literal:
                  String: cool
          - Expression:
              FunctionCall:
                id: "[id]"
                span: "[span]"
                name:
                  id: "[id]"
                  span: "[span]"
                  symbol: print
                arguments:
                  - Literal:
                      id: "[id]"
                      span: "[span]"
                      literal:
                        String: "\"∑\ti = 0 to \\ n of i is n(n+1)/2\n\""

