---
source: src/syntax.rs
expression: result
---
Block:
  span: "[span]"
  statements:
    - Let:
        name:
          span: "[span]"
          symbol: x
        type_specifier: ~
        value:
          Literal:
            Integer: 1
    - Expression:
        If:
          condition:
            Identifier:
              span: "[span]"
              symbol: x
          then_branch:
            span: "[span]"
            statements:
              - Expression:
                  Literal:
                    Integer: 10
          else_branch: ~
    - Expression:
        Block:
          span: "[span]"
          statements:
            - Expression:
                FunctionCall:
                  name:
                    span: "[span]"
                    symbol: foo
                  arguments: []

