---
source: src/syntax.rs
expression: result
---
Block:
  id: "[id]"
  span: "[span]"
  statements:
    - Let:
        id: "[id]"
        span: "[span]"
        name:
          id: "[id]"
          span: "[span]"
          symbol: x
        type_specifier: ~
        expression:
          Literal:
            id: "[id]"
            span: "[span]"
            literal:
              Integer: 1
    - Expression:
        If:
          id: "[id]"
          span: "[span]"
          condition:
            Identifier:
              id: "[id]"
              span: "[span]"
              symbol: x
          then_branch:
            id: "[id]"
            span: "[span]"
            statements:
              - Expression:
                  Literal:
                    id: "[id]"
                    span: "[span]"
                    literal:
                      Integer: 10
          else_branch: ~
    - Expression:
        Block:
          id: "[id]"
          span: "[span]"
          statements:
            - Expression:
                FunctionCall:
                  id: "[id]"
                  span: "[span]"
                  name:
                    id: "[id]"
                    span: "[span]"
                    symbol: foo
                  arguments: []

