---
source: src/syntax.rs
expression: module
---
id: "[id]"
span: "[span]"
declarations:
  - Function:
      id: "[id]"
      span: "[span]"
      name:
        id: "[id]"
        span: "[span]"
        symbol: foo
      parameters:
        - - id: "[id]"
            span: "[span]"
            symbol: x
          - id: "[id]"
            span: "[span]"
            name: i32
        - - id: "[id]"
            span: "[span]"
            symbol: y
          - id: "[id]"
            span: "[span]"
            name: u32
      return_type:
        id: "[id]"
        span: "[span]"
        name: u32
      body:
        id: "[id]"
        span: "[span]"
        statements:
          - Let:
              id: "[id]"
              span: "[span]"
              name:
                id: "[id]"
                span: "[span]"
                symbol: x
              type_specifier:
                id: "[id]"
                span: "[span]"
                name: i32
              value:
                Literal:
                  id: "[id]"
                  span: "[span]"
                  literal:
                    Integer: 10
          - Let:
              id: "[id]"
              span: "[span]"
              name:
                id: "[id]"
                span: "[span]"
                symbol: y
              type_specifier: ~
              value:
                Literal:
                  id: "[id]"
                  span: "[span]"
                  literal:
                    Integer: 20
          - Expression:
              If:
                id: "[id]"
                span: "[span]"
                condition:
                  Identifier:
                    id: "[id]"
                    span: "[span]"
                    symbol: food
                then_branch:
                  id: "[id]"
                  span: "[span]"
                  statements:
                    - Expression:
                        Literal:
                          id: "[id]"
                          span: "[span]"
                          literal:
                            Integer: 30
                else_branch: ~
          - Expression:
              FunctionCall:
                id: "[id]"
                span: "[span]"
                name:
                  id: "[id]"
                  span: "[span]"
                  symbol: ls
                arguments:
                  - Literal:
                      id: "[id]"
                      span: "[span]"
                      literal:
                        Integer: 1
          - Expression:
              FunctionCall:
                id: "[id]"
                span: "[span]"
                name:
                  id: "[id]"
                  span: "[span]"
                  symbol: bye
                arguments: []

